// Jest Snapshot v1, https://goo.gl/fbAQLP

exports[`should render self and sub-components 1`] = `
.c0 {
  display: grid;
  grid-gap: 1em;
  grid-template-columns: repeat(auto-fit,minmax(400px,1fr));
}

.c1 {
  color: #333;
  background: #f5f5f5;
  box-shadow: 0 8px 17px 0 rgba(0,0,0,0.2),0 6px 20px 0 rgba(0,0,0,0.19);
  height: 350px;
  padding: 0 15px;
  text-align: center;
  -webkit-text-decoration: none;
  text-decoration: none;
}

.c1:hover {
  color: #f5f5f5;
  background: #333;
}

.c2 {
  word-wrap: break-word;
}

.c3 {
  font-size: 1.5rem;
}

<Orgs
  fetchRepos={[Function]}
  history={[MockFunction]}
  location={[MockFunction]}
  match={
    Object {
      "isExact": true,
      "params": Object {
        "org": "org",
      },
      "path": "/",
      "url": "",
    }
  }
  name="foo"
  repos={
    Array [
      Object {
        "forksCount": 100,
        "issuesCount": 200,
        "language": "lang",
        "name": "foo",
        "stargazersCount": 300,
        "url": "url",
        "watchersCount": 400,
      },
      Object {
        "forksCount": 1000,
        "issuesCount": 2000,
        "language": "lang",
        "name": "bar",
        "stargazersCount": 3000,
        "url": "url",
        "watchersCount": 4000,
      },
    ]
  }
  resetOrgs={[Function]}
>
  <Component
    title="org"
  >
    <HelmetWrapper
      defer={true}
      encodeSpecialCharacters={true}
    >
      <SideEffect(NullComponent)
        defer={true}
        encodeSpecialCharacters={true}
        meta={
          Array [
            Object {
              "charset": "UTF-8",
            },
            Object {
              "content": "width=device-width, initial-scale=1.0",
              "name": "viewport",
            },
          ]
        }
        title="org"
        titleAttributes={Object {}}
      >
        <NullComponent
          defer={true}
          encodeSpecialCharacters={true}
          meta={
            Array [
              Object {
                "charset": "UTF-8",
              },
              Object {
                "content": "width=device-width, initial-scale=1.0",
                "name": "viewport",
              },
            ]
          }
          title="org"
          titleAttributes={Object {}}
        />
      </SideEffect(NullComponent)>
    </HelmetWrapper>
  </Component>
  <styled.div>
    <div
      className="c0"
    >
      <styled.a
        href="url"
        key="foo"
        rel="noopener noreferrer"
        target="_blank"
      >
        <a
          className="c1"
          href="url"
          rel="noopener noreferrer"
          target="_blank"
        >
          <styled.h1>
            <h1
              className="c2"
            >
              foo
            </h1>
          </styled.h1>
          <p>
            lang
          </p>
          <div>
            <styled.span>
              <span
                className="c3"
              >
                🌟: 
                300
              </span>
            </styled.span>
            <styled.span>
              <span
                className="c3"
              >
                👀: 
                400
              </span>
            </styled.span>
          </div>
          <div>
            <styled.span>
              <span
                className="c3"
              >
                🍴: 
                100
              </span>
            </styled.span>
            <styled.span>
              <span
                className="c3"
              >
                📝: 
                200
              </span>
            </styled.span>
          </div>
        </a>
      </styled.a>
      <styled.a
        href="url"
        key="bar"
        rel="noopener noreferrer"
        target="_blank"
      >
        <a
          className="c1"
          href="url"
          rel="noopener noreferrer"
          target="_blank"
        >
          <styled.h1>
            <h1
              className="c2"
            >
              bar
            </h1>
          </styled.h1>
          <p>
            lang
          </p>
          <div>
            <styled.span>
              <span
                className="c3"
              >
                🌟: 
                3000
              </span>
            </styled.span>
            <styled.span>
              <span
                className="c3"
              >
                👀: 
                4000
              </span>
            </styled.span>
          </div>
          <div>
            <styled.span>
              <span
                className="c3"
              >
                🍴: 
                1000
              </span>
            </styled.span>
            <styled.span>
              <span
                className="c3"
              >
                📝: 
                2000
              </span>
            </styled.span>
          </div>
        </a>
      </styled.a>
    </div>
  </styled.div>
</Orgs>
`;
