// Jest Snapshot v1, https://goo.gl/fbAQLP

exports[`should render self and sub-components 1`] = `
.c0 {
  background: #333;
  color: #f5f5f5;
  display: -webkit-box;
  display: -webkit-flex;
  display: -ms-flexbox;
  display: flex;
  -webkit-box-pack: justify;
  -webkit-justify-content: space-between;
  -ms-flex-pack: justify;
  justify-content: space-between;
  padding: 15px 30px;
}

<MemoryRouter
  initialEntries={
    Array [
      "/",
    ]
  }
>
  <Router
    history={
      Object {
        "action": "POP",
        "block": [Function],
        "canGo": [Function],
        "createHref": [Function],
        "entries": Array [
          Object {
            "hash": "",
            "key": "b8jb8s",
            "pathname": "/",
            "search": "",
            "state": undefined,
          },
        ],
        "go": [Function],
        "goBack": [Function],
        "goForward": [Function],
        "index": 0,
        "length": 1,
        "listen": [Function],
        "location": Object {
          "hash": "",
          "key": "b8jb8s",
          "pathname": "/",
          "search": "",
          "state": undefined,
        },
        "push": [Function],
        "replace": [Function],
      }
    }
  >
    <Component
      name="foo"
    >
      <styled.header>
        <header
          className="c0"
        >
          <Link
            replace={false}
            to="/"
          >
            <a
              href="/"
              onClick={[Function]}
            >
              üè†
            </a>
          </Link>
          <span>
            foo
          </span>
        </header>
      </styled.header>
    </Component>
  </Router>
</MemoryRouter>
`;
